0 val 11.016083
0 train 11.035631 norm 20.2037
1 train 10.369762 norm 15.2915
2 train 9.333447 norm 37.7734
3 train 9.035252 norm 62.8237
4 train 8.867759 norm 35.2062
5 train 8.418234 norm 44.7560
6 train 8.002064 norm 15.8049
7 train 7.667646 norm 18.7434
8 train 7.881017 norm 31.1335
9 train 7.568464 norm 6.1546
10 train 7.385040 norm 7.0738
11 train 7.153710 norm 4.3388
12 train 7.119008 norm 5.0722
13 train 7.124335 norm 5.1410
14 train 6.886566 norm 3.3570
15 train 6.871968 norm 3.2666
16 train 6.919087 norm 6.4065
17 train 6.764161 norm 2.5071
18 train 6.736141 norm 1.8481
19 train 6.857214 norm 1.4461
20 train 6.924718 norm 1.5291
21 train 6.537124 norm 1.0013
22 train 6.465854 norm 1.3302
23 train 6.409482 norm 1.0120
24 train 6.438240 norm 1.3425
25 train 6.293945 norm 1.1284
26 train 6.314048 norm 1.0567
27 train 6.214726 norm 0.8484
28 train 6.196681 norm 1.0786
29 train 6.117651 norm 0.8247
30 train 6.225958 norm 0.8019
31 train 6.163114 norm 0.8724
32 train 6.122998 norm 0.6725
33 train 6.153285 norm 0.6262
34 train 6.014251 norm 0.6152
35 train 5.972518 norm 0.5621
36 train 5.937551 norm 0.4987
37 train 5.985824 norm 0.5434
38 train 5.927599 norm 0.5486
39 train 5.927047 norm 0.5360
40 train 5.927485 norm 0.5559
41 train 5.862277 norm 0.5549
42 train 5.872625 norm 0.4233
43 train 5.858823 norm 0.5565
44 train 5.830649 norm 0.3729
45 train 5.815033 norm 0.5491
46 train 5.841258 norm 0.4706
47 train 5.959893 norm 0.6881
48 train 5.990633 norm 0.5352
49 train 5.894101 norm 0.4847
50 train 5.940933 norm 0.6220
51 train 5.939383 norm 0.7716
52 train 5.869697 norm 0.4738
53 train 5.822799 norm 0.3293
54 train 5.786871 norm 0.4468
55 train 5.799609 norm 0.3948
56 train 5.798976 norm 0.5201
57 train 5.814687 norm 0.6384
58 train 5.728177 norm 0.5542
59 train 5.738108 norm 0.5346
60 train 5.714414 norm 0.4992
61 train 5.705747 norm 0.5588
62 train 5.662309 norm 0.5418
63 train 5.643953 norm 0.5372
64 train 5.651648 norm 0.4830
65 train 5.645966 norm 0.4408
66 train 5.647105 norm 0.4908
67 train 5.673630 norm 0.4900
68 train 5.625964 norm 0.5284
69 train 5.526291 norm 0.4412
70 train 5.503709 norm 0.3595
71 train 5.526576 norm 0.4253
72 train 5.494353 norm 0.5833
73 train 5.501765 norm 0.5565
74 train 5.427959 norm 0.4609
75 train 5.475143 norm 0.4866
76 train 5.402979 norm 0.4679
77 train 5.464972 norm 0.4840
78 train 5.413850 norm 0.5139
79 train 5.363140 norm 0.4593
80 train 5.370874 norm 0.4186
81 train 5.331184 norm 0.4323
82 train 5.313927 norm 0.4013
83 train 5.235776 norm 0.4481
84 train 5.278090 norm 0.5628
85 train 5.205329 norm 0.4017
86 train 5.189971 norm 0.3530
87 train 5.246222 norm 0.4717
88 train 5.235145 norm 0.5958
89 train 5.232106 norm 0.6078
90 train 5.192683 norm 0.5205
91 train 5.197042 norm 0.4199
92 train 5.207966 norm 0.4160
93 train 5.284779 norm 0.4006
94 train 5.364118 norm 0.4293
95 train 5.305863 norm 0.4417
96 train 5.213659 norm 0.4216
97 train 5.286493 norm 0.4522
98 train 5.225922 norm 0.5054
99 train 5.278362 norm 0.5422
100 train 5.245399 norm 0.5080
101 train 5.185443 norm 0.3776
102 train 5.188333 norm 0.3369
103 train 5.113201 norm 0.3824
104 train 5.146175 norm 0.3553
105 train 5.132014 norm 0.4265
106 train 5.089117 norm 0.3821
107 train 5.096713 norm 0.4158
108 train 5.106213 norm 0.4331
109 train 5.060990 norm 0.4215
110 train 5.077840 norm 0.4131
111 train 5.037071 norm 0.4502
112 train 5.002707 norm 0.5500
113 train 5.005377 norm 0.4627
114 train 5.076769 norm 0.4398
115 train 5.050371 norm 0.4941
116 train 5.000429 norm 0.4816
117 train 4.958962 norm 0.4471
118 train 4.916767 norm 0.4128
119 train 4.913251 norm 0.3752
120 train 4.914443 norm 0.3803
121 train 4.887168 norm 0.3743
122 train 4.904796 norm 0.3487
123 train 4.884828 norm 0.3899
124 train 4.853015 norm 0.3681
125 train 4.927342 norm 0.3909
126 train 4.854459 norm 0.3889
127 train 4.837130 norm 0.3629
128 train 4.721978 norm 0.3141
129 train 4.744532 norm 0.2749
130 train 4.774417 norm 0.2996
131 train 4.730102 norm 0.3322
132 train 4.698717 norm 0.3404
133 train 4.816246 norm 0.4369
134 train 4.701142 norm 0.3899
135 train 4.708161 norm 0.3041
136 train 4.710403 norm 0.3992
137 train 4.705959 norm 0.3485
138 train 4.715490 norm 0.3313
139 train 4.765872 norm 0.3244
140 train 4.912913 norm 0.3224
141 train 4.868252 norm 0.3924
142 train 4.823798 norm 0.4499
143 train 4.806895 norm 0.3680
144 train 4.769887 norm 0.2863
145 train 4.735993 norm 0.3200
146 train 4.774114 norm 0.3922
147 train 4.796251 norm 0.4045
148 train 4.773162 norm 0.3094
149 train 4.787841 norm 0.3783
150 train 4.758292 norm 0.3198
151 train 4.655200 norm 0.3647
152 train 4.718298 norm 0.3180
153 train 4.722175 norm 0.2596
154 train 4.630327 norm 0.2774
155 train 4.650242 norm 0.3121
156 train 4.628847 norm 0.3742
157 train 4.770954 norm 0.3378
158 train 4.718141 norm 0.3662
159 train 4.634766 norm 0.3831
160 train 4.559197 norm 0.3713
161 train 4.686633 norm 0.3042
162 train 4.600170 norm 0.2973
163 train 4.566831 norm 0.2772
164 train 4.497349 norm 0.2679
165 train 4.576131 norm 0.2889
166 train 4.558084 norm 0.2859
167 train 4.510755 norm 0.2927
168 train 4.535059 norm 0.2599
169 train 4.485024 norm 0.2367
170 train 4.462527 norm 0.2497
171 train 4.502044 norm 0.2395
172 train 4.430489 norm 0.2000
173 train 4.440272 norm 0.1907
174 train 4.381935 norm 0.2084
175 train 4.397598 norm 0.3178
176 train 4.386164 norm 0.1789
177 train 4.432908 norm 0.1720
178 train 4.331827 norm 0.1702
179 train 4.329437 norm 0.1449
180 train 4.285412 norm 0.1407
181 train 4.340852 norm 0.1489
182 train 4.345040 norm 0.1402
183 train 4.332913 norm 0.1404
184 train 4.347456 norm 0.1363
185 train 4.423371 norm 0.1416
186 train 4.463238 norm 0.1329
187 train 4.504082 norm 0.1373
188 train 4.454007 norm 0.1308
189 train 4.461106 norm 0.1315
190 train 4.508953 norm 0.1243
191 train 4.416939 norm 0.1422
192 train 4.486900 norm 0.1194
193 train 4.419940 norm 0.1247
194 train 4.407359 norm 0.1245
195 train 4.408916 norm 0.1168
196 train 4.397531 norm 0.1246
197 train 4.406868 norm 0.1177
198 train 4.331390 norm 0.1167
199 val 4.320150
199 train 4.404265 norm 0.1164
