0 val 10.983893
0 train 10.980511 norm 14.0150
1 train 10.135737 norm 6.3202
2 train 9.776207 norm 2.8929
3 train 9.571474 norm 2.4225
4 train 9.253568 norm 2.0505
5 train 8.886470 norm 1.8276
6 train 8.389360 norm 1.4732
7 train 8.094206 norm 1.5125
8 train 7.902839 norm 2.4540
9 train 8.497814 norm 13.3431
10 train 8.002946 norm 1.8330
11 train 8.002519 norm 1.4413
12 train 7.986626 norm 1.5873
13 train 7.867188 norm 0.9757
14 train 7.707308 norm 1.1624
15 train 7.751983 norm 0.8092
16 train 7.766991 norm 0.9414
17 train 7.700483 norm 0.7047
18 train 7.704322 norm 0.4947
19 train 7.862423 norm 0.8137
20 train 7.978562 norm 0.6933
21 train 7.666015 norm 0.7803
22 train 7.584184 norm 0.5162
23 train 7.566462 norm 0.8897
24 train 7.541156 norm 0.4571
25 train 7.437105 norm 0.6172
26 train 7.449867 norm 0.5136
27 train 7.378675 norm 0.4345
28 train 7.345731 norm 0.4354
29 train 7.273408 norm 0.3600
30 train 7.395196 norm 0.4751
31 train 7.290362 norm 0.4765
32 train 7.286953 norm 0.8334
33 train 7.301960 norm 0.6917
34 train 7.151585 norm 0.5849
35 train 7.137333 norm 0.6546
36 train 7.115608 norm 0.4215
37 train 7.121108 norm 0.6027
38 train 7.058338 norm 0.4690
39 train 7.085440 norm 0.4628
40 train 7.073678 norm 0.4346
41 train 6.998219 norm 0.4217
42 train 6.956517 norm 0.4245
43 train 6.991925 norm 0.4652
44 train 6.962497 norm 0.4386
45 train 6.962046 norm 0.4140
46 train 6.944870 norm 0.4273
47 train 7.007783 norm 0.4197
48 train 7.013956 norm 0.4288
49 train 6.918748 norm 0.2806
50 train 6.982894 norm 0.3739
51 train 6.974482 norm 0.4764
52 train 6.898127 norm 0.4986
53 train 6.907083 norm 0.6251
54 train 6.912208 norm 0.7353
55 train 6.912948 norm 0.6467
56 train 6.871809 norm 0.3592
57 train 6.885199 norm 0.4808
58 train 6.815864 norm 0.3360
59 train 6.818920 norm 0.4748
60 train 6.772255 norm 0.3402
61 train 6.837545 norm 0.5070
62 train 6.719099 norm 0.3202
63 train 6.697153 norm 0.3374
64 train 6.717634 norm 0.2948
65 train 6.728489 norm 0.3094
66 train 6.710985 norm 0.3760
67 train 6.719912 norm 0.3292
68 train 6.728129 norm 0.7060
69 train 6.669676 norm 0.7737
70 train 6.621800 norm 0.4976
71 train 6.679163 norm 0.6029
72 train 6.609770 norm 0.5421
73 train 6.628438 norm 0.3864
74 train 6.545960 norm 0.3753
75 train 6.591588 norm 0.3871
76 train 6.529677 norm 0.3645
77 train 6.596127 norm 0.3251
78 train 6.567252 norm 0.3785
79 train 6.498184 norm 0.2886
80 train 6.514965 norm 0.3676
81 train 6.516272 norm 0.3391
82 train 6.467194 norm 0.4280
83 train 6.418685 norm 0.2755
84 train 6.443933 norm 0.2865
85 train 6.398309 norm 0.2228
86 train 6.406219 norm 0.2539
87 train 6.429289 norm 0.2189
88 train 6.420902 norm 0.2144
89 train 6.436817 norm 0.2535
90 train 6.418345 norm 0.3035
91 train 6.403656 norm 0.2816
92 train 6.462413 norm 0.3423
93 train 6.495436 norm 0.2967
94 train 6.552071 norm 0.2186
95 train 6.525767 norm 0.2596
96 train 6.450961 norm 0.2880
97 train 6.482605 norm 0.2341
98 train 6.440325 norm 0.2527
99 train 6.482270 norm 0.2582
100 train 6.483795 norm 0.2727
101 train 6.425180 norm 0.2904
102 train 6.410552 norm 0.2211
103 train 6.343914 norm 0.3254
104 train 6.398273 norm 0.3545
105 train 6.412320 norm 0.3221
106 train 6.356992 norm 0.2956
107 train 6.364601 norm 0.3529
108 train 6.393938 norm 0.3275
109 train 6.395855 norm 0.3771
110 train 6.332138 norm 0.3780
111 train 6.350991 norm 0.2536
112 train 6.291483 norm 0.3240
113 train 6.332897 norm 0.3247
114 train 6.396821 norm 0.2953
115 train 6.321891 norm 0.3453
116 train 6.276609 norm 0.2735
117 train 6.240615 norm 0.3117
118 train 6.205500 norm 0.2681
119 train 6.238231 norm 0.2991
120 train 6.250103 norm 0.3525
121 train 6.229477 norm 0.2382
122 train 6.213946 norm 0.2825
123 train 6.215917 norm 0.2799
124 train 6.181361 norm 0.2174
125 train 6.269936 norm 0.2701
126 train 6.196269 norm 0.1897
127 train 6.196109 norm 0.2239
128 train 6.119926 norm 0.2273
129 train 6.134403 norm 0.2565
130 train 6.179143 norm 0.2217
131 train 6.147077 norm 0.2411
132 train 6.100561 norm 0.2252
133 train 6.157779 norm 0.2205
134 train 6.066122 norm 0.1991
135 train 6.119037 norm 0.2290
136 train 6.124668 norm 0.2109
137 train 6.141933 norm 0.2282
138 train 6.110651 norm 0.2129
139 train 6.170124 norm 0.2391
140 train 6.310752 norm 0.2487
141 train 6.233829 norm 0.2356
142 train 6.217852 norm 0.2012
143 train 6.205609 norm 0.1611
144 train 6.197177 norm 0.2458
145 train 6.185467 norm 0.1976
146 train 6.209123 norm 0.2090
147 train 6.212444 norm 0.1542
148 train 6.175944 norm 0.1993
149 train 6.227310 norm 0.2208
150 train 6.213811 norm 0.1625
151 train 6.096766 norm 0.1793
152 train 6.160784 norm 0.1972
153 train 6.205592 norm 0.1821
154 train 6.117226 norm 0.1645
155 train 6.095003 norm 0.1881
156 train 6.134083 norm 0.2099
157 train 6.240504 norm 0.1645
158 train 6.183824 norm 0.1688
159 train 6.135459 norm 0.1597
160 train 6.070703 norm 0.1639
161 train 6.166662 norm 0.1665
162 train 6.076300 norm 0.1461
163 train 6.033035 norm 0.1548
164 train 6.052670 norm 0.1554
165 train 6.074348 norm 0.1491
166 train 6.081972 norm 0.1431
167 train 5.974268 norm 0.2242
168 train 6.063052 norm 0.1638
169 train 6.033100 norm 0.1725
170 train 6.024698 norm 0.1421
171 train 6.077297 norm 0.1383
172 train 6.050322 norm 0.1569
173 train 6.018881 norm 0.1429
174 train 5.976576 norm 0.1625
175 train 6.040690 norm 0.1674
176 train 6.007396 norm 0.1547
177 train 6.029396 norm 0.1560
178 train 5.954928 norm 0.1370
179 train 5.980481 norm 0.1218
180 train 5.958878 norm 0.1293
181 train 6.001106 norm 0.1404
182 train 6.000521 norm 0.1521
183 train 5.995379 norm 0.1469
184 train 6.019577 norm 0.1300
185 train 6.080379 norm 0.1616
186 train 6.093576 norm 0.1569
187 train 6.155062 norm 0.1544
188 train 6.127659 norm 0.1355
189 train 6.097661 norm 0.1336
190 train 6.147239 norm 0.1416
191 train 6.112846 norm 0.1559
192 train 6.116595 norm 0.1308
193 train 6.131784 norm 0.1395
194 train 6.063399 norm 0.1321
195 train 6.066511 norm 0.1439
196 train 6.077427 norm 0.1516
197 train 6.093539 norm 0.1322
198 train 6.063189 norm 0.1226
199 val 6.078434
199 train 6.093485 norm 0.1259
